// Jest Snapshot v1, https://goo.gl/fbAQLP

exports[`<PostListItem /> should render a ListItem 1`] = `
<li
  class="Wrapper-euo0oy-0 jLvxtc"
>
  <div
    class="Item-sc-3y9mie-0 fKXSkT"
  >
    Hello World!
  </div>
</li>
`;
