// Jest Snapshot v1, https://goo.gl/fbAQLP

exports[`<Footer /> should render and match the snapshot 1`] = `
<footer
  className="Wrapper-wcfdfo-0 dPvBog"
>
  <section>
    <div
      className="Wrapper-xnjoq9-0 dNmQIR"
    >
      Select language:
      <select
        className="Select-sc-1sm01tk-0 wIjFa"
        onChange={[Function]}
        value="en"
      >
        <option
          value="en"
        >
          en
        </option>
        <option
          value="de"
        >
          de
        </option>
      </select>
    </div>
  </section>
  <section>
    <span>
      
      Made by 
      <a
        className="A-br8h0y-0 dwVNvo"
        href="https://www.linkedin.com/in/marcovanvemden/"
      >
        Marco van Vemden
      </a>
      .
    
    </span>
  </section>
</footer>
`;
