// Jest Snapshot v1, https://goo.gl/fbAQLP

exports[`<PostsList /> should render the loading indicator when its loading 1`] = `
<div
  class="Wrapper-sc-1umgotm-0 laCwDT"
>
  <ul
    class="Ul-mwnq6h-0 jcxXFy"
  >
    <div
      class="Wrapper-sc-12uw37d-0 bTWIVF"
    >
      <div
        class="Circle__CirclePrimitive-ww56dy-0 enQIMS"
      />
      <div
        class="Circle__CirclePrimitive-ww56dy-0 jCxmwS"
      />
      <div
        class="Circle__CirclePrimitive-ww56dy-0 dyFXB"
      />
      <div
        class="Circle__CirclePrimitive-ww56dy-0 ikwUeP"
      />
      <div
        class="Circle__CirclePrimitive-ww56dy-0 hwlQRz"
      />
      <div
        class="Circle__CirclePrimitive-ww56dy-0 jjXxyb"
      />
      <div
        class="Circle__CirclePrimitive-ww56dy-0 jVExkJ"
      />
      <div
        class="Circle__CirclePrimitive-ww56dy-0 haCVIz"
      />
      <div
        class="Circle__CirclePrimitive-ww56dy-0 ghhiLZ"
      />
      <div
        class="Circle__CirclePrimitive-ww56dy-0 bCbqdt"
      />
      <div
        class="Circle__CirclePrimitive-ww56dy-0 hZPQMA"
      />
      <div
        class="Circle__CirclePrimitive-ww56dy-0 fsGOmP"
      />
    </div>
  </ul>
</div>
`;
